-- Test: letter.check_health() (plan/18 I4)
--
-- Reports, as (severity, object, message) rows, the states the lifecycle
-- contract cannot prevent: deployment settings, letter state edited by hand,
-- disabled triggers, missing indexes. In this test the library is not
-- preloaded and read enforcement is off, so those two rows are always
-- present.
CREATE EXTENSION letter;
WARNING:  letter: library loaded on demand, not preloaded
DETAIL:  Read enforcement is a planner hook; sessions that never call a letter function will not have it.
HINT:  Add letter to shared_preload_libraries (or session_preload_libraries).
SET letter.enforce_reads = off;   -- this test is not about the read hook
CREATE TABLE users (id uuid PRIMARY KEY);
CREATE TABLE projects (id uuid PRIMARY KEY, name TEXT);
CREATE TABLE tasks (
    id uuid PRIMARY KEY,
    project_id uuid NOT NULL REFERENCES projects(id),   -- no index: reported
    title TEXT
);
CREATE TABLE team_members (
    id uuid PRIMARY KEY DEFAULT gen_random_uuid(),
    user_id uuid NOT NULL REFERENCES users(id),
    project_id uuid NOT NULL REFERENCES projects(id),
    role TEXT NOT NULL
);
CREATE TABLE stale (id int PRIMARY KEY, x TEXT);
CREATE TABLE unguarded (id int PRIMARY KEY, x TEXT);
SET letter.bypass = on;
SELECT letter.assign('public.team_members', 'user_id', 'public.projects',
    role_name := NULL, role_column := 'role', if_fn := NULL);
 assign 
--------
 t
(1 row)

RESET letter.bypass;
SELECT letter.grant('select', 'public.tasks', 'editor', ARRAY['title'],
    'public.projects', NULL, NULL);
WARNING:  letter.grant: scope path column "project_id" on public.tasks has no index — reads scoped through it will scan the whole table
HINT:  CREATE INDEX ON public.tasks (project_id);
 grant 
-------
 t
(1 row)

SELECT letter.grant('update', 'public.tasks', 'editor', ARRAY['title'],
    'public.projects', NULL, NULL);
 grant 
-------
 t
(1 row)

-- assignment ids are random: normalise them away
CREATE VIEW health AS
    SELECT severity, object,
           regexp_replace(message, '[0-9a-f]{8}(_[0-9a-f]{4}){3}_[0-9a-f]{12}', '<id>') AS message
    FROM letter.check_health();
-- ============================================================
-- 1. A healthy installation: only the two environmental rows and
--    the missing index.
-- ============================================================
SELECT * FROM health ORDER BY 1, 2, 3;
 severity |        object        |                                                                                      message                                                                                       
----------+----------------------+------------------------------------------------------------------------------------------------------------------------------------------------------------------------------------
 info     | letter.enforce_reads | read enforcement is switched off
 warning  | library              | letter is not in shared_preload_libraries or session_preload_libraries: a session that never calls a letter function has no planner hook, so read enforcement does not apply to it
 warning  | table public.tasks   | scope path column "project_id" has no index — reads scoped through it will scan the whole table; CREATE INDEX ON public.tasks (project_id)
(3 rows)

-- ============================================================
-- 2. Things the lifecycle contract cannot catch.
-- ============================================================
-- a disabled enforcement trigger
ALTER TABLE tasks DISABLE TRIGGER letter_enforce_update;
-- grants edited by hand: a dead table OID, and a table with no triggers
INSERT INTO letter.grants (privilege, on_table, role, column_name, scope)
    VALUES ('select', 99999999, 'ghost', '*', 0);
INSERT INTO letter.grants (privilege, on_table, role, column_name, scope)
    VALUES ('select', 'public.unguarded'::regclass, 'r', '*', 0);
-- enforcement triggers left behind by a hand-deleted grant
SELECT letter.grant('select', 'public.stale', 'r', ARRAY['x'], NULL);
 grant 
-------
 t
(1 row)

DELETE FROM letter.grants WHERE on_table = 'public.stale'::regclass;
-- a role row managed directly, and one scoped to a dead table
INSERT INTO letter.roles (role, user_id) VALUES ('auditor', 'u1');
INSERT INTO letter.roles (role, user_id, scope_table, scope_id) VALUES ('editor', 'u2', 99999999, '1');
-- an assignment whose trigger function was dropped by hand
SELECT 'letter.source_delete_' || replace(id::text, '-', '_') || '()' AS fn
    FROM letter.assignments \gset
SET client_min_messages = warning;
DROP FUNCTION :fn CASCADE;
RESET client_min_messages;
-- a role with a bypass default
CREATE ROLE letter_test_admin;
ALTER ROLE letter_test_admin SET letter.bypass = on;
SELECT * FROM health ORDER BY 1, 2, 3;
 severity |              object               |                                                                                      message                                                                                       
----------+-----------------------------------+------------------------------------------------------------------------------------------------------------------------------------------------------------------------------------
 error    | assignment on public.team_members | is missing function letter.source_delete_<id>
 error    | assignment on public.team_members | is missing trigger letter_delete_<id>
 error    | grant ghost/select                | refers to a table that no longer exists (OID 99999999)
 error    | role editor of u2                 | is scoped to a table that no longer exists (OID 99999999)
 error    | table public.unguarded            | has grants but no letter_enforce_delete trigger
 error    | table public.unguarded            | has grants but no letter_enforce_insert trigger
 error    | table public.unguarded            | has grants but no letter_enforce_truncate trigger
 error    | table public.unguarded            | has grants but no letter_enforce_update trigger
 info     | letter.enforce_reads              | read enforcement is switched off
 info     | role letter_test_admin            | has letter.bypass = on by default
 info     | roles                             | 2 role row(s) are managed directly, not by an assignment
 warning  | library                           | letter is not in shared_preload_libraries or session_preload_libraries: a session that never calls a letter function has no planner hook, so read enforcement does not apply to it
 warning  | table public.stale                | has enforcement trigger letter_enforce_delete but no grants
 warning  | table public.stale                | has enforcement trigger letter_enforce_insert but no grants
 warning  | table public.stale                | has enforcement trigger letter_enforce_truncate but no grants
 warning  | table public.stale                | has enforcement trigger letter_enforce_update but no grants
 warning  | table public.tasks                | letter trigger letter_enforce_update is disabled
 warning  | table public.tasks                | scope path column "project_id" has no index — reads scoped through it will scan the whole table; CREATE INDEX ON public.tasks (project_id)
(18 rows)

-- Cleanup
SET client_min_messages = warning;
DROP VIEW health;
DROP ROLE letter_test_admin;
DROP TABLE team_members, tasks, projects, users, stale, unguarded CASCADE;
DROP EXTENSION letter CASCADE;
