-- Test: enforcement hardening (plan/14-enforcement-gaps.md §2, §4.2)
--
-- Semantics under test:
--   1. letter.bypass is PGC_SUSET — a non-superuser cannot switch
--      enforcement off.
--   2. UPDATE scope migration: changing a scope-contributing column
--      requires rights in BOTH the old and the new scope. Rights in
--      the destination scope alone are not enough to pull a row in.
--   3. Role changes invalidate the session cache immediately — a role
--      gained or lost mid-session takes effect on the next check.
--   4. Role names are handled as data, never interpolated into SQL —
--      a role name containing quotes/SQL must not break enforcement.
--   5. letter.read() quotes identifiers — a table name cannot smuggle SQL.
CREATE EXTENSION letter;
WARNING:  letter: library loaded on demand, not preloaded
DETAIL:  Read enforcement is a planner hook; sessions that never call a letter function will not have it.
HINT:  Add letter to shared_preload_libraries (or session_preload_libraries).
SET letter.enforce_reads = off;   -- this test is not about the read hook
CREATE TABLE users (
    id uuid PRIMARY KEY DEFAULT gen_random_uuid(),
    name TEXT NOT NULL
);
CREATE TABLE projects (
    id uuid PRIMARY KEY DEFAULT gen_random_uuid(),
    name TEXT NOT NULL
);
CREATE TABLE tasks (
    id uuid PRIMARY KEY DEFAULT gen_random_uuid(),
    project_id uuid NOT NULL REFERENCES projects(id),
    title TEXT NOT NULL
);
CREATE TABLE comments (
    id uuid PRIMARY KEY DEFAULT gen_random_uuid(),
    task_id uuid REFERENCES tasks(id),
    body TEXT NOT NULL
);
CREATE TABLE team_members (
    id uuid PRIMARY KEY DEFAULT gen_random_uuid(),
    user_id uuid NOT NULL REFERENCES users(id) ON DELETE CASCADE,
    project_id uuid NOT NULL REFERENCES projects(id) ON DELETE CASCADE,
    role TEXT NOT NULL
);
INSERT INTO users (id, name) VALUES
    ('a0000000-0000-0000-0000-000000000001', 'Alice'),
    ('a0000000-0000-0000-0000-000000000003', 'Mallory');
INSERT INTO projects (id, name) VALUES
    ('b0000000-0000-0000-0000-000000000001', 'Alpha'),
    ('b0000000-0000-0000-0000-000000000002', 'Beta');
INSERT INTO tasks (id, project_id, title) VALUES
    ('d0000000-0000-0000-0000-000000000001', 'b0000000-0000-0000-0000-000000000001', 'Alpha task'),
    ('d0000000-0000-0000-0000-000000000011', 'b0000000-0000-0000-0000-000000000001', 'Alpha task 2'),
    ('d0000000-0000-0000-0000-000000000002', 'b0000000-0000-0000-0000-000000000002', 'Beta task');
INSERT INTO comments (id, task_id, body) VALUES
    ('e0000000-0000-0000-0000-000000000001', 'd0000000-0000-0000-0000-000000000001', 'alpha comment'),
    ('e0000000-0000-0000-0000-000000000002', 'd0000000-0000-0000-0000-000000000002', 'beta comment');
SET letter.bypass = on;
SELECT letter.assign('public.team_members', 'user_id', 'public.projects',
    role_name := NULL, role_column := 'role', if_fn := NULL);
 assign 
--------
 t
(1 row)

RESET letter.bypass;
-- Alice: editor on Alpha only.
INSERT INTO team_members (user_id, project_id, role) VALUES
    ('a0000000-0000-0000-0000-000000000001', 'b0000000-0000-0000-0000-000000000001', 'editor');
SELECT letter.grant('select', 'public.comments', 'editor', ARRAY['body'],
    'public.projects', ARRAY['task_id'], NULL);
WARNING:  letter.grant: scope path column "task_id" on public.comments has no index — reads scoped through it will scan the whole table
HINT:  CREATE INDEX ON public.comments (task_id);
WARNING:  letter.grant: scope path column "project_id" on public.tasks has no index — reads scoped through it will scan the whole table
HINT:  CREATE INDEX ON public.tasks (project_id);
 grant 
-------
 t
(1 row)

SELECT letter.grant('update', 'public.comments', 'editor', ARRAY['body', 'task_id'],
    'public.projects', ARRAY['task_id'], NULL);
 grant 
-------
 t
(1 row)

-- ============================================================
-- Test 1: letter.bypass is superuser-only.
-- ============================================================
CREATE ROLE letter_test_nosuper NOSUPERUSER;
SET ROLE letter_test_nosuper;
\set VERBOSITY terse
SET letter.bypass = true;
ERROR:  permission denied to set parameter "letter.bypass"
\set VERBOSITY default
RESET ROLE;
DROP ROLE letter_test_nosuper;
-- ============================================================
-- Test 2a: scope migration within the same scope is allowed
-- (Alice moves an Alpha comment between two Alpha tasks).
-- ============================================================
SET letter.current_user_id = 'a0000000-0000-0000-0000-000000000001';
UPDATE comments SET task_id = 'd0000000-0000-0000-0000-000000000011'
    WHERE id = 'e0000000-0000-0000-0000-000000000001';
SELECT body FROM comments WHERE id = 'e0000000-0000-0000-0000-000000000001';
     body      
---------------
 alpha comment
(1 row)

-- ============================================================
-- Test 2b: moving a row OUT of the user's scope is denied
-- (destination is Beta, where Alice has no role).
-- ============================================================
\set VERBOSITY terse
UPDATE comments SET task_id = 'd0000000-0000-0000-0000-000000000002'
    WHERE id = 'e0000000-0000-0000-0000-000000000001';
ERROR:  letter: UPDATE denied on "public.comments" column "task_id" for user "a0000000-0000-0000-0000-000000000001" — requires 'update' privilege
-- ============================================================
-- Test 2c: pulling a row INTO the user's scope is denied — the
-- user has rights in the destination (Alpha) but not the origin
-- (Beta). Before the OLD-scope check this succeeded.
-- ============================================================
UPDATE comments SET task_id = 'd0000000-0000-0000-0000-000000000001'
    WHERE id = 'e0000000-0000-0000-0000-000000000002';
ERROR:  letter: UPDATE denied on "public.comments" column "task_id" for user "a0000000-0000-0000-0000-000000000001" — requires 'update' privilege
\set VERBOSITY default
-- ============================================================
-- Test 3: role changes take effect mid-session. Alice cannot see
-- the Beta comment; granting her editor on Beta (same session,
-- same user id) makes it visible on the next read; removing the
-- role hides it again.
-- ============================================================
SELECT row_data->>'body' AS body FROM letter.read('public.comments') t(row_data)
    ORDER BY 1;
     body      
---------------
 alpha comment
(1 row)

INSERT INTO team_members (id, user_id, project_id, role) VALUES
    ('c0000000-0000-0000-0000-000000000099',
     'a0000000-0000-0000-0000-000000000001',
     'b0000000-0000-0000-0000-000000000002', 'editor');
SELECT row_data->>'body' AS body FROM letter.read('public.comments') t(row_data)
    ORDER BY 1;
     body      
---------------
 alpha comment
 beta comment
(2 rows)

DELETE FROM team_members WHERE id = 'c0000000-0000-0000-0000-000000000099';
SELECT row_data->>'body' AS body FROM letter.read('public.comments') t(row_data)
    ORDER BY 1;
     body      
---------------
 alpha comment
(1 row)

-- ============================================================
-- Test 4: a role name containing quote characters and SQL is
-- handled as data. Enforcement queries must not break, and the
-- role works like any other once granted to.
-- ============================================================
INSERT INTO team_members (user_id, project_id, role) VALUES
    ('a0000000-0000-0000-0000-000000000003',
     'b0000000-0000-0000-0000-000000000001',
     'ev''il; DROP TABLE users;--');
SET letter.current_user_id = 'a0000000-0000-0000-0000-000000000003';
-- No grants for the role yet: zero rows, no syntax error.
SELECT row_data->>'body' AS body FROM letter.read('public.comments') t(row_data)
    ORDER BY 1;
 body 
------
(0 rows)

SELECT letter.grant('select', 'public.comments', 'ev''il; DROP TABLE users;--',
    ARRAY['body'], 'public.projects', ARRAY['task_id'], NULL);
WARNING:  letter.grant: scope path column "task_id" on public.comments has no index — reads scoped through it will scan the whole table
HINT:  CREATE INDEX ON public.comments (task_id);
WARNING:  letter.grant: scope path column "project_id" on public.tasks has no index — reads scoped through it will scan the whole table
HINT:  CREATE INDEX ON public.tasks (project_id);
 grant 
-------
 t
(1 row)

SELECT row_data->>'body' AS body FROM letter.read('public.comments') t(row_data)
    ORDER BY 1;
     body      
---------------
 alpha comment
(1 row)

-- users table is still there.
SELECT count(*) AS users_intact FROM users;
 users_intact 
--------------
            2
(1 row)

-- ============================================================
-- Test 5: letter.read() cannot be used to smuggle SQL through
-- the table name — identifiers are quoted.
-- ============================================================
\set VERBOSITY terse
SELECT * FROM letter.read('public.comments"; DROP TABLE users;--') t(row_data);
ERROR:  relation "public.comments"; DROP TABLE users;--" does not exist
\set VERBOSITY default
SELECT count(*) AS users_still_intact FROM users;
 users_still_intact 
--------------------
                  2
(1 row)

-- Clean up
RESET letter.current_user_id;
SET letter.bypass = true;
DROP TABLE team_members CASCADE;
NOTICE:  letter: dropped table public.team_members: removed 0 grant(s), 1 assignment(s), 0 role(s)
DROP TABLE comments CASCADE;
NOTICE:  letter: dropped table public.comments: removed 4 grant(s), 0 assignment(s), 0 role(s)
DROP TABLE tasks CASCADE;
DROP TABLE projects CASCADE;
DROP TABLE users CASCADE;
DROP EXTENSION letter CASCADE;
