-- Test: extension creates the letter schema and core tables
CREATE EXTENSION letter;
-- Verify schema exists
SELECT nspname FROM pg_namespace WHERE nspname = 'letter';
 nspname 
---------
 letter
(1 row)

-- Verify the four core tables exist
SELECT tablename FROM pg_tables
    WHERE schemaname = 'letter'
    ORDER BY tablename;
    tablename     
------------------
 assignments
 grants
 role_assignments
 roles
(4 rows)

-- Verify roles table columns
SELECT column_name, data_type FROM information_schema.columns
    WHERE table_schema = 'letter' AND table_name = 'roles'
    ORDER BY ordinal_position;
 column_name |     data_type     
-------------+-------------------
 id          | uuid
 role        | character varying
 user_id     | character varying
 scope_table | character varying
 scope_id    | character varying
(5 rows)

-- Verify grants table columns
SELECT column_name, data_type FROM information_schema.columns
    WHERE table_schema = 'letter' AND table_name = 'grants'
    ORDER BY ordinal_position;
 column_name |     data_type     
-------------+-------------------
 privilege   | character varying
 on_table    | character varying
 role        | character varying
 column_name | character varying
 scope       | character varying
 using_path  | ARRAY
 check_fn    | text
(7 rows)

-- Verify assignments table columns
SELECT column_name, data_type FROM information_schema.columns
    WHERE table_schema = 'letter' AND table_name = 'assignments'
    ORDER BY ordinal_position;
 column_name |     data_type     
-------------+-------------------
 id          | uuid
 table_name  | character varying
 scope_table | character varying
 user_column | character varying
 role_name   | character varying
 role_column | character varying
 if_fn       | text
(7 rows)

-- Verify role_assignments table columns
SELECT column_name, data_type FROM information_schema.columns
    WHERE table_schema = 'letter' AND table_name = 'role_assignments'
    ORDER BY ordinal_position;
  column_name  |     data_type     
---------------+-------------------
 id            | uuid
 assignment_id | uuid
 role_id       | uuid
 source_table  | character varying
 source_id     | text
 user_id       | text
 scope_table   | character varying
 scope_id      | text
(8 rows)

-- Verify assignments CHECK constraint: must have role_name or role_column but not both
\set VERBOSITY terse
INSERT INTO letter.assignments (table_name, user_column, role_name, role_column)
    VALUES ('t', 'user_id', 'admin', 'role_col');
ERROR:  new row for relation "assignments" violates check constraint "role_name_or_column"
INSERT INTO letter.assignments (table_name, user_column)
    VALUES ('t', 'user_id');
ERROR:  new row for relation "assignments" violates check constraint "role_name_or_column"
\set VERBOSITY default
-- Verify FK cascade: deleting assignment cascades to role_assignments
INSERT INTO letter.assignments (table_name, user_column, role_name)
    VALUES ('test_table', 'user_id', 'admin')
    RETURNING id \gset assign_
INSERT INTO letter.roles (role, user_id) VALUES ('admin', 'user1') RETURNING id \gset role_
INSERT INTO letter.role_assignments (assignment_id, role_id, source_table, source_id, user_id)
    VALUES (:'assign_id', :'role_id', 'test_table', '1', 'user1');
SELECT count(*) AS before_delete FROM letter.role_assignments;
 before_delete 
---------------
             1
(1 row)

DELETE FROM letter.assignments WHERE id = :'assign_id';
SELECT count(*) AS after_delete FROM letter.role_assignments;
 after_delete 
--------------
            0
(1 row)

-- Verify cleanup trigger also removed the role
SELECT count(*) AS orphaned_roles FROM letter.roles WHERE id = :'role_id';
 orphaned_roles 
----------------
              0
(1 row)

DROP EXTENSION letter CASCADE;
